// Jest Snapshot v1, https://goo.gl/fbAQLP

exports[`Testing the rendering of the recording Screen renders default component as expected 1`] = `
<View
  style={
    Object {
      "flex": 1,
    }
  }
>
  <Camera
    defaultTouchToFocus={true}
    mirrorImage={false}
    onFocusChanged={[Function]}
    onZoomChanged={[Function]}
    style={
      Object {
        "alignItems": "center",
        "flex": 1,
        "justifyContent": "flex-end",
      }
    }
  />
  <View
    style={
      Array [
        Object {
          "alignItems": "center",
          "left": 0,
          "padding": 16,
          "position": "absolute",
          "right": 0,
        },
        Object {
          "alignItems": "center",
          "flex": 1,
          "flexDirection": "row",
          "justifyContent": "space-between",
          "top": 0,
        },
      ]
    }
  >
    <LCTouchableImage
      buttonAction={[Function]}
      buttonStyle={
        Object {
          "padding": 5,
        }
      }
      id="switchTypeButton"
      imageSrc={1}
    />
    <LCTouchableImage
      buttonAction={[Function]}
      buttonStyle={
        Object {
          "padding": 5,
        }
      }
      id="switchFlashButton"
      imageSrc={1}
    />
  </View>
  <View
    style={
      Array [
        Object {
          "alignItems": "center",
          "left": 0,
          "padding": 16,
          "position": "absolute",
          "right": 0,
        },
        Object {
          "alignItems": "center",
          "backgroundColor": "rgba(0,0,0,0.4)",
          "bottom": 0,
          "flexDirection": "row",
          "justifyContent": "center",
        },
      ]
    }
  >
    <View
      style={
        Object {
          "width": 10,
        }
      }
    />
    <LCTouchableImage
      buttonAction={[Function]}
      buttonStyle={
        Object {
          "backgroundColor": "white",
          "borderRadius": 40,
          "padding": 15,
        }
      }
      id="startRecordingButton"
      imageSrc={1}
    />
  </View>
</View>
`;
